error: libnvvm returned an error that was not previously caught by the verifier: InvalidOption